// Jest Snapshot v1, https://goo.gl/fbAQLP

exports[`[Component] App Matches default snapshot 1`] = `
<View
  style={
    Object {
      "backgroundColor": "#f5f5f5",
      "flex": 1,
    }
  }
>
  <View
    style={
      Object {
        "alignSelf": "flex-start",
        "backgroundColor": "#0d47a1",
        "display": "flex",
        "height": 128,
        "justifyContent": "flex-end",
        "padding": 8,
        "width": "100%",
      }
    }
  >
    <Text
      style={
        Object {
          "color": "#ffffff",
          "fontSize": 36,
          "fontWeight": "bold",
          "marginTop": 4,
        }
      }
    >
      My bills
    </Text>
  </View>
  <View
    accessible={true}
    isTVSelectable={true}
    onResponderGrant={[Function]}
    onResponderMove={[Function]}
    onResponderRelease={[Function]}
    onResponderTerminate={[Function]}
    onResponderTerminationRequest={[Function]}
    onStartShouldSetResponder={[Function]}
    style={
      Object {
        "backgroundColor": "#5472d3",
        "opacity": 1,
        "padding": 4,
      }
    }
  >
    <Text
      style={
        Object {
          "color": "#ffffff",
          "fontSize": 24,
          "fontWeight": "bold",
        }
      }
    >
      Create new bill
    </Text>
  </View>
  <RCTScrollView>
    <View />
  </RCTScrollView>
  <Modal
    animationType="slide"
    hardwareAccelerated={false}
    visible={false}
  >
    <View
      style={
        Object {
          "alignItems": "center",
          "flex": 1,
          "justifyContent": "center",
        }
      }
    >
      <TextInput
        allowFontScaling={true}
        onChangeText={[Function]}
        placeholder="Bill description (rent, credit card, ...)"
        style={
          Object {
            "height": 50,
            "width": "100%",
          }
        }
        underlineColorAndroid="transparent"
      />
      <TextInput
        allowFontScaling={true}
        keyboard="numeric"
        onChangeText={[Function]}
        placeholder="Bill due day (08, ...)"
        style={
          Object {
            "height": 50,
            "width": "100%",
          }
        }
        underlineColorAndroid="transparent"
      />
      <TextInput
        allowFontScaling={true}
        keyboard="numeric"
        onChangeText={[Function]}
        placeholder="Bill amount (1500, ...)"
        style={
          Object {
            "height": 50,
            "width": "100%",
          }
        }
        underlineColorAndroid="transparent"
      />
      <View
        accessibilityComponentType="button"
        accessibilityTraits={
          Array [
            "button",
          ]
        }
        accessible={true}
        isTVSelectable={true}
        onResponderGrant={[Function]}
        onResponderMove={[Function]}
        onResponderRelease={[Function]}
        onResponderTerminate={[Function]}
        onResponderTerminationRequest={[Function]}
        onStartShouldSetResponder={[Function]}
        style={
          Object {
            "opacity": 1,
          }
        }
      >
        <View
          style={
            Array [
              Object {},
            ]
          }
        >
          <Text
            style={
              Array [
                Object {
                  "color": "#007AFF",
                  "fontSize": 18,
                  "padding": 8,
                  "textAlign": "center",
                },
              ]
            }
          >
            Add bill
          </Text>
        </View>
      </View>
    </View>
  </Modal>
</View>
`;
