// Jest Snapshot v1, https://goo.gl/fbAQLP

exports[`[Component] ButtonToggleModal matches snapshot  1`] = `
<View
  accessible={true}
  isTVSelectable={true}
  onResponderGrant={[Function]}
  onResponderMove={[Function]}
  onResponderRelease={[Function]}
  onResponderTerminate={[Function]}
  onResponderTerminationRequest={[Function]}
  onStartShouldSetResponder={[Function]}
  style={
    Object {
      "backgroundColor": "#5472d3",
      "opacity": 1,
      "padding": 4,
    }
  }
>
  <Text
    style={
      Object {
        "color": "#ffffff",
        "fontSize": 24,
        "fontWeight": "bold",
      }
    }
  >
    Create new bill
  </Text>
</View>
`;
