// Jest Snapshot v1, https://goo.gl/fbAQLP

exports[`[Component] Bill Matches snapshot 1`] = `
<View
  style={
    Object {
      "display": "flex",
      "padding": 4,
      "width": "100%",
    }
  }
>
  <View
    style={
      Object {
        "alignItems": "center",
        "flex": 1,
        "flexDirection": "row",
        "justifyContent": "space-between",
        "width": "100%",
      }
    }
  >
    <Text
      style={
        Object {
          "fontSize": 24,
        }
      }
    >
      Rent
    </Text>
    <Text>
      Due on  11
    </Text>
  </View>
  <View
    accessible={true}
    isTVSelectable={true}
    onResponderGrant={[Function]}
    onResponderMove={[Function]}
    onResponderRelease={[Function]}
    onResponderTerminate={[Function]}
    onResponderTerminationRequest={[Function]}
    onStartShouldSetResponder={[Function]}
    style={
      Object {
        "backgroundColor": "#e0e0e0",
        "opacity": 1,
        "padding": 4,
        "width": 35,
      }
    }
  >
    <Text>
      Pay
    </Text>
  </View>
</View>
`;
